2025-03-30 00:28:28 [main] WARN  c.a.c.n.c.NacosPropertySourceBuilder - Ignore the empty nacos configuration and get it based on dataId[mock-ielts-common] & group[DEFAULT_GROUP]
2025-03-30 00:28:28 [main] WARN  c.a.c.n.c.NacosPropertySourceBuilder - Ignore the empty nacos configuration and get it based on dataId[mock-ielts-common.yml] & group[DEFAULT_GROUP]
2025-03-30 00:28:28 [main] WARN  c.a.c.n.c.NacosPropertySourceBuilder - Ignore the empty nacos configuration and get it based on dataId[mock-ielts-common-dev.yml] & group[DEFAULT_GROUP]
2025-03-30 00:28:28 [main] INFO  o.s.c.b.c.PropertySourceBootstrapConfiguration - Located property source: [BootstrapPropertySource {name='bootstrapProperties-mock-ielts-common-dev.yml,DEFAULT_GROUP'}, BootstrapPropertySource {name='bootstrapProperties-mock-ielts-common.yml,DEFAULT_GROUP'}, BootstrapPropertySource {name='bootstrapProperties-mock-ielts-common,DEFAULT_GROUP'}, BootstrapPropertySource {name='bootstrapProperties-mock-ielts-app-dev.yaml,DEFAULT_GROUP'}]
2025-03-30 00:28:28 [main] INFO  com.apps.common.CommonApplication - The following 1 profile is active: "dev"
2025-03-30 00:28:29 [main] INFO  o.s.d.r.c.RepositoryConfigurationDelegate - Multiple Spring Data modules found, entering strict repository configuration mode!
2025-03-30 00:28:29 [main] INFO  o.s.d.r.c.RepositoryConfigurationDelegate - Bootstrapping Spring Data Redis repositories in DEFAULT mode.
2025-03-30 00:28:29 [main] INFO  o.s.d.r.c.RepositoryConfigurationDelegate - Finished Spring Data repository scanning in 5 ms. Found 0 Redis repository interfaces.
2025-03-30 00:28:29 [main] INFO  o.s.cloud.context.scope.GenericScope - BeanFactory id=cfed7c14-5cf7-306b-945f-a474b9e2252f
2025-03-30 00:28:29 [main] INFO  o.s.c.s.PostProcessorRegistrationDelegate$BeanPostProcessorChecker - Bean 'org.springframework.cloud.commons.config.CommonsConfigAutoConfiguration' of type [org.springframework.cloud.commons.config.CommonsConfigAutoConfiguration] is not eligible for getting processed by all BeanPostProcessors (for example: not eligible for auto-proxying)
2025-03-30 00:28:29 [main] INFO  o.s.c.s.PostProcessorRegistrationDelegate$BeanPostProcessorChecker - Bean 'org.springframework.cloud.client.loadbalancer.LoadBalancerDefaultMappingsProviderAutoConfiguration' of type [org.springframework.cloud.client.loadbalancer.LoadBalancerDefaultMappingsProviderAutoConfiguration] is not eligible for getting processed by all BeanPostProcessors (for example: not eligible for auto-proxying)
2025-03-30 00:28:29 [main] INFO  o.s.c.s.PostProcessorRegistrationDelegate$BeanPostProcessorChecker - Bean 'loadBalancerClientsDefaultsMappingsProvider' of type [org.springframework.cloud.client.loadbalancer.LoadBalancerDefaultMappingsProviderAutoConfiguration$$Lambda$463/5563134] is not eligible for getting processed by all BeanPostProcessors (for example: not eligible for auto-proxying)
2025-03-30 00:28:29 [main] INFO  o.s.c.s.PostProcessorRegistrationDelegate$BeanPostProcessorChecker - Bean 'defaultsBindHandlerAdvisor' of type [org.springframework.cloud.commons.config.DefaultsBindHandlerAdvisor] is not eligible for getting processed by all BeanPostProcessors (for example: not eligible for auto-proxying)
2025-03-30 00:28:29 [main] INFO  o.s.c.s.PostProcessorRegistrationDelegate$BeanPostProcessorChecker - Bean 'spring.cloud.sentinel-com.alibaba.cloud.sentinel.SentinelProperties' of type [com.alibaba.cloud.sentinel.SentinelProperties] is not eligible for getting processed by all BeanPostProcessors (for example: not eligible for auto-proxying)
2025-03-30 00:28:29 [main] INFO  o.s.c.s.PostProcessorRegistrationDelegate$BeanPostProcessorChecker - Bean 'com.alibaba.cloud.sentinel.custom.SentinelAutoConfiguration' of type [com.alibaba.cloud.sentinel.custom.SentinelAutoConfiguration] is not eligible for getting processed by all BeanPostProcessors (for example: not eligible for auto-proxying)
2025-03-30 00:28:30 [main] INFO  o.s.b.w.e.tomcat.TomcatWebServer - Tomcat initialized with port(s): 9490 (http)
2025-03-30 00:28:30 [main] INFO  o.a.catalina.core.StandardService - Starting service [Tomcat]
2025-03-30 00:28:30 [main] INFO  o.a.catalina.core.StandardEngine - Starting Servlet engine: [Apache Tomcat/9.0.58]
2025-03-30 00:28:30 [main] INFO  o.a.c.c.C.[.[localhost].[/api] - Initializing Spring embedded WebApplicationContext
2025-03-30 00:28:30 [main] INFO  o.s.b.w.s.c.ServletWebServerApplicationContext - Root WebApplicationContext: initialization completed in 1337 ms
2025-03-30 00:28:30 [main] INFO  c.a.d.s.b.a.DruidDataSourceAutoConfigure - Init DruidDataSource
2025-03-30 00:28:30 [main] INFO  c.alibaba.druid.pool.DruidDataSource - {dataSource-1} inited
2025-03-30 00:28:30 [main] DEBUG c.a.c.s.JwtAuthenticationFilter - Filter 'jwtAuthenticationFilter' configured for use
2025-03-30 00:28:30 [main] INFO  o.s.s.web.DefaultSecurityFilterChain - Will not secure any request
2025-03-30 00:28:31 [main] INFO  c.a.c.s.SentinelWebMvcConfigurer - [Sentinel Starter] register SentinelWebInterceptor with urlPatterns: [/**].
2025-03-30 00:28:32 [main] WARN  o.s.c.l.c.LoadBalancerCacheAutoConfiguration$LoadBalancerCaffeineWarnLogger - Spring Cloud LoadBalancer is currently working with the default cache. While this cache implementation is useful for development and tests, it's recommended to use Caffeine cache in production.You can switch to using Caffeine cache, by adding it and org.springframework.cache.caffeine.CaffeineCacheManager to the classpath.
2025-03-30 00:28:32 [main] INFO  com.alibaba.nacos.client.naming - initializer namespace from System Property :null
2025-03-30 00:28:32 [main] INFO  com.alibaba.nacos.client.naming - initializer namespace from System Environment :null
2025-03-30 00:28:32 [main] INFO  com.alibaba.nacos.client.naming - initializer namespace from System Property :null
2025-03-30 00:28:32 [main] INFO  o.s.b.w.e.tomcat.TomcatWebServer - Tomcat started on port(s): 9490 (http) with context path '/api'
2025-03-30 00:28:32 [main] INFO  com.alibaba.nacos.client.naming - [BEAT] adding beat: BeatInfo{port=9490, ip='192.168.3.11', weight=1.0, serviceName='DEFAULT_GROUP@@mock-ielts-common', cluster='DEFAULT', metadata={preserved.register.source=SPRING_CLOUD}, scheduled=false, period=5000, stopped=false} to beat map.
2025-03-30 00:28:32 [main] INFO  com.alibaba.nacos.client.naming - [REGISTER-SERVICE] 1695f1a3-225f-4479-9dc1-1f71f7c845a7 registering service DEFAULT_GROUP@@mock-ielts-common with instance: Instance{instanceId='null', ip='192.168.3.11', port=9490, weight=1.0, healthy=true, enabled=true, ephemeral=true, clusterName='DEFAULT', serviceName='null', metadata={preserved.register.source=SPRING_CLOUD}}
2025-03-30 00:28:32 [main] INFO  c.a.c.n.r.NacosServiceRegistry - nacos registry, DEFAULT_GROUP mock-ielts-common 192.168.3.11:9490 register finished
2025-03-30 00:28:32 [main] INFO  com.apps.common.CommonApplication - Started CommonApplication in 5.219 seconds (JVM running for 6.055)
2025-03-30 00:28:32 [main] INFO  c.a.n.c.config.impl.ClientWorker - [fixed-localhost_8848-1695f1a3-225f-4479-9dc1-1f71f7c845a7] [subscribe] mock-ielts-app-dev.yaml+DEFAULT_GROUP+1695f1a3-225f-4479-9dc1-1f71f7c845a7
2025-03-30 00:28:32 [main] INFO  c.a.n.client.config.impl.CacheData - [fixed-localhost_8848-1695f1a3-225f-4479-9dc1-1f71f7c845a7] [add-listener] ok, tenant=1695f1a3-225f-4479-9dc1-1f71f7c845a7, dataId=mock-ielts-app-dev.yaml, group=DEFAULT_GROUP, cnt=1
2025-03-30 00:28:32 [main] INFO  c.a.c.n.r.NacosContextRefresher - listening config: dataId=mock-ielts-app-dev.yaml, group=DEFAULT_GROUP
2025-03-30 00:28:32 [main] INFO  c.a.n.c.config.impl.ClientWorker - [fixed-localhost_8848-1695f1a3-225f-4479-9dc1-1f71f7c845a7] [subscribe] mock-ielts-common-dev.yml+DEFAULT_GROUP+1695f1a3-225f-4479-9dc1-1f71f7c845a7
2025-03-30 00:28:32 [main] INFO  c.a.n.client.config.impl.CacheData - [fixed-localhost_8848-1695f1a3-225f-4479-9dc1-1f71f7c845a7] [add-listener] ok, tenant=1695f1a3-225f-4479-9dc1-1f71f7c845a7, dataId=mock-ielts-common-dev.yml, group=DEFAULT_GROUP, cnt=1
2025-03-30 00:28:32 [main] INFO  c.a.c.n.r.NacosContextRefresher - listening config: dataId=mock-ielts-common-dev.yml, group=DEFAULT_GROUP
2025-03-30 00:28:32 [main] INFO  c.a.n.c.config.impl.ClientWorker - [fixed-localhost_8848-1695f1a3-225f-4479-9dc1-1f71f7c845a7] [subscribe] mock-ielts-common+DEFAULT_GROUP+1695f1a3-225f-4479-9dc1-1f71f7c845a7
2025-03-30 00:28:32 [main] INFO  c.a.n.client.config.impl.CacheData - [fixed-localhost_8848-1695f1a3-225f-4479-9dc1-1f71f7c845a7] [add-listener] ok, tenant=1695f1a3-225f-4479-9dc1-1f71f7c845a7, dataId=mock-ielts-common, group=DEFAULT_GROUP, cnt=1
2025-03-30 00:28:32 [main] INFO  c.a.c.n.r.NacosContextRefresher - listening config: dataId=mock-ielts-common, group=DEFAULT_GROUP
2025-03-30 00:28:32 [main] INFO  c.a.n.c.config.impl.ClientWorker - [fixed-localhost_8848-1695f1a3-225f-4479-9dc1-1f71f7c845a7] [subscribe] mock-ielts-common.yml+DEFAULT_GROUP+1695f1a3-225f-4479-9dc1-1f71f7c845a7
2025-03-30 00:28:32 [main] INFO  c.a.n.client.config.impl.CacheData - [fixed-localhost_8848-1695f1a3-225f-4479-9dc1-1f71f7c845a7] [add-listener] ok, tenant=1695f1a3-225f-4479-9dc1-1f71f7c845a7, dataId=mock-ielts-common.yml, group=DEFAULT_GROUP, cnt=1
2025-03-30 00:28:32 [main] INFO  c.a.c.n.r.NacosContextRefresher - listening config: dataId=mock-ielts-common.yml, group=DEFAULT_GROUP
2025-03-30 00:28:33 [com.alibaba.nacos.client.naming.updater] INFO  com.alibaba.nacos.client.naming - new ips(1) service: DEFAULT_GROUP@@mock-ielts-common@@DEFAULT -> [{"instanceId":"192.168.3.11#9490#DEFAULT#DEFAULT_GROUP@@mock-ielts-common","ip":"192.168.3.11","port":9490,"weight":1.0,"healthy":true,"enabled":true,"ephemeral":true,"clusterName":"DEFAULT","serviceName":"DEFAULT_GROUP@@mock-ielts-common","metadata":{"preserved.register.source":"SPRING_CLOUD"},"instanceHeartBeatInterval":5000,"instanceHeartBeatTimeOut":15000,"ipDeleteTimeout":30000}]
2025-03-30 00:28:33 [com.alibaba.nacos.client.naming.updater] INFO  com.alibaba.nacos.client.naming - current ips:(1) service: DEFAULT_GROUP@@mock-ielts-common@@DEFAULT -> [{"instanceId":"192.168.3.11#9490#DEFAULT#DEFAULT_GROUP@@mock-ielts-common","ip":"192.168.3.11","port":9490,"weight":1.0,"healthy":true,"enabled":true,"ephemeral":true,"clusterName":"DEFAULT","serviceName":"DEFAULT_GROUP@@mock-ielts-common","metadata":{"preserved.register.source":"SPRING_CLOUD"},"instanceHeartBeatInterval":5000,"instanceHeartBeatTimeOut":15000,"ipDeleteTimeout":30000}]
2025-03-30 00:28:33 [com.alibaba.nacos.naming.push.receiver] INFO  com.alibaba.nacos.client.naming - received push data: {"type":"dom","data":"{\"hosts\":[{\"ip\":\"192.168.3.11\",\"port\":9490,\"valid\":true,\"healthy\":true,\"marked\":false,\"instanceId\":\"192.168.3.11#9490#DEFAULT#DEFAULT_GROUP@@mock-ielts-common\",\"metadata\":{\"preserved.register.source\":\"SPRING_CLOUD\"},\"enabled\":true,\"weight\":1.0,\"clusterName\":\"DEFAULT\",\"serviceName\":\"DEFAULT_GROUP@@mock-ielts-common\",\"ephemeral\":true}],\"dom\":\"DEFAULT_GROUP@@mock-ielts-common\",\"name\":\"DEFAULT_GROUP@@mock-ielts-common\",\"cacheMillis\":10000,\"lastRefTime\":1743265713329,\"checksum\":\"252ee5b96e81301fb981503546bf2bd2\",\"useSpecifiedURL\":false,\"clusters\":\"DEFAULT\",\"env\":\"\",\"metadata\":{}}","lastRefTime":1777118800800} from /192.168.3.11
2025-03-30 00:31:07 [Thread-22] WARN  c.a.nacos.common.notify.NotifyCenter - [NotifyCenter] Start destroying Publisher
2025-03-30 00:31:07 [Thread-4] WARN  c.a.n.c.http.HttpClientBeanHolder - [HttpClientBeanHolder] Start destroying common HttpClient
2025-03-30 00:31:07 [Thread-22] WARN  c.a.nacos.common.notify.NotifyCenter - [NotifyCenter] Destruction of the end
2025-03-30 00:31:07 [Thread-4] WARN  c.a.n.c.http.HttpClientBeanHolder - [HttpClientBeanHolder] Destruction of the end
2025-03-30 00:31:07 [SpringApplicationShutdownHook] INFO  c.a.c.n.r.NacosServiceRegistry - De-registering from Nacos Server now...
2025-03-30 00:31:07 [SpringApplicationShutdownHook] INFO  com.alibaba.nacos.client.naming - [BEAT] removing beat: DEFAULT_GROUP@@mock-ielts-common:192.168.3.11:9490 from beat map.
2025-03-30 00:31:07 [SpringApplicationShutdownHook] INFO  com.alibaba.nacos.client.naming - [DEREGISTER-SERVICE] 1695f1a3-225f-4479-9dc1-1f71f7c845a7 deregistering service DEFAULT_GROUP@@mock-ielts-common with instance: Instance{instanceId='null', ip='192.168.3.11', port=9490, weight=1.0, healthy=true, enabled=true, ephemeral=true, clusterName='DEFAULT', serviceName='null', metadata={}}
2025-03-30 00:31:07 [SpringApplicationShutdownHook] INFO  c.a.c.n.r.NacosServiceRegistry - De-registration finished.
2025-03-30 00:31:07 [SpringApplicationShutdownHook] INFO  com.alibaba.nacos.client.naming - com.alibaba.nacos.client.naming.beat.BeatReactor do shutdown begin
2025-03-30 00:31:07 [SpringApplicationShutdownHook] INFO  com.alibaba.nacos.client.naming - com.alibaba.nacos.client.naming.beat.BeatReactor do shutdown stop
2025-03-30 00:31:07 [SpringApplicationShutdownHook] INFO  com.alibaba.nacos.client.naming - com.alibaba.nacos.client.naming.core.HostReactor do shutdown begin
2025-03-30 00:31:08 [com.alibaba.nacos.naming.push.receiver] INFO  com.alibaba.nacos.client.naming - received push data: {"type":"dom","data":"{\"dom\":\"DEFAULT_GROUP@@mock-ielts-common\",\"name\":\"DEFAULT_GROUP@@mock-ielts-common\",\"cacheMillis\":10000,\"lastRefTime\":1743265868470,\"checksum\":\"c6216053256605210fe9633354a017ff\",\"useSpecifiedURL\":false,\"clusters\":\"DEFAULT\",\"env\":\"\",\"hosts\":[],\"metadata\":{}}","lastRefTime":1932260040600} from /192.168.3.11
2025-03-30 00:31:08 [com.alibaba.nacos.naming.push.receiver] INFO  com.alibaba.nacos.client.naming - removed ips(1) service: DEFAULT_GROUP@@mock-ielts-common@@DEFAULT -> [{"instanceId":"192.168.3.11#9490#DEFAULT#DEFAULT_GROUP@@mock-ielts-common","ip":"192.168.3.11","port":9490,"weight":1.0,"healthy":true,"enabled":true,"ephemeral":true,"clusterName":"DEFAULT","serviceName":"DEFAULT_GROUP@@mock-ielts-common","metadata":{"preserved.register.source":"SPRING_CLOUD"},"instanceHeartBeatInterval":5000,"instanceHeartBeatTimeOut":15000,"ipDeleteTimeout":30000}]
2025-03-30 00:31:08 [com.alibaba.nacos.naming.push.receiver] INFO  com.alibaba.nacos.client.naming - current ips:(0) service: DEFAULT_GROUP@@mock-ielts-common@@DEFAULT -> []
2025-03-30 00:31:10 [SpringApplicationShutdownHook] INFO  com.alibaba.nacos.client.naming - com.alibaba.nacos.client.naming.core.PushReceiver do shutdown begin
2025-03-30 00:31:13 [SpringApplicationShutdownHook] INFO  com.alibaba.nacos.client.naming - com.alibaba.nacos.client.naming.core.PushReceiver do shutdown stop
2025-03-30 00:31:13 [SpringApplicationShutdownHook] INFO  com.alibaba.nacos.client.naming - com.alibaba.nacos.client.naming.backups.FailoverReactor do shutdown begin
2025-03-30 00:31:13 [SpringApplicationShutdownHook] INFO  com.alibaba.nacos.client.naming - com.alibaba.nacos.client.naming.backups.FailoverReactor do shutdown stop
2025-03-30 00:31:13 [SpringApplicationShutdownHook] INFO  com.alibaba.nacos.client.naming - com.alibaba.nacos.client.naming.core.HostReactor do shutdown stop
2025-03-30 00:31:13 [SpringApplicationShutdownHook] INFO  com.alibaba.nacos.client.naming - com.alibaba.nacos.client.naming.net.NamingProxy do shutdown begin
2025-03-30 00:31:13 [SpringApplicationShutdownHook] WARN  com.alibaba.nacos.client.naming - [NamingHttpClientManager] Start destroying NacosRestTemplate
2025-03-30 00:31:13 [SpringApplicationShutdownHook] WARN  com.alibaba.nacos.client.naming - [NamingHttpClientManager] Destruction of the end
2025-03-30 00:31:13 [SpringApplicationShutdownHook] INFO  c.a.n.c.identify.CredentialWatcher - [null] CredentialWatcher is stopped
2025-03-30 00:31:13 [SpringApplicationShutdownHook] INFO  c.a.n.c.identify.CredentialService - [null] CredentialService is freed
2025-03-30 00:31:13 [SpringApplicationShutdownHook] INFO  com.alibaba.nacos.client.naming - com.alibaba.nacos.client.naming.net.NamingProxy do shutdown stop
2025-03-30 00:31:13 [SpringApplicationShutdownHook] INFO  c.alibaba.druid.pool.DruidDataSource - {dataSource-1} closing ...
2025-03-30 00:31:13 [SpringApplicationShutdownHook] INFO  c.alibaba.druid.pool.DruidDataSource - {dataSource-1} closed
2025-03-30 00:31:21 [main] WARN  c.a.c.n.c.NacosPropertySourceBuilder - Ignore the empty nacos configuration and get it based on dataId[mock-ielts-common] & group[DEFAULT_GROUP]
2025-03-30 00:31:21 [main] WARN  c.a.c.n.c.NacosPropertySourceBuilder - Ignore the empty nacos configuration and get it based on dataId[mock-ielts-common.yml] & group[DEFAULT_GROUP]
2025-03-30 00:31:21 [main] WARN  c.a.c.n.c.NacosPropertySourceBuilder - Ignore the empty nacos configuration and get it based on dataId[mock-ielts-common-dev.yml] & group[DEFAULT_GROUP]
2025-03-30 00:31:21 [main] INFO  o.s.c.b.c.PropertySourceBootstrapConfiguration - Located property source: [BootstrapPropertySource {name='bootstrapProperties-mock-ielts-common-dev.yml,DEFAULT_GROUP'}, BootstrapPropertySource {name='bootstrapProperties-mock-ielts-common.yml,DEFAULT_GROUP'}, BootstrapPropertySource {name='bootstrapProperties-mock-ielts-common,DEFAULT_GROUP'}, BootstrapPropertySource {name='bootstrapProperties-mock-ielts-app-dev.yaml,DEFAULT_GROUP'}]
2025-03-30 00:31:21 [main] INFO  com.apps.common.CommonApplication - The following 1 profile is active: "dev"
2025-03-30 00:31:22 [main] INFO  o.s.d.r.c.RepositoryConfigurationDelegate - Multiple Spring Data modules found, entering strict repository configuration mode!
2025-03-30 00:31:22 [main] INFO  o.s.d.r.c.RepositoryConfigurationDelegate - Bootstrapping Spring Data Redis repositories in DEFAULT mode.
2025-03-30 00:31:22 [main] INFO  o.s.d.r.c.RepositoryConfigurationDelegate - Finished Spring Data repository scanning in 5 ms. Found 0 Redis repository interfaces.
2025-03-30 00:31:22 [main] INFO  o.s.cloud.context.scope.GenericScope - BeanFactory id=cfed7c14-5cf7-306b-945f-a474b9e2252f
2025-03-30 00:31:22 [main] INFO  o.s.c.s.PostProcessorRegistrationDelegate$BeanPostProcessorChecker - Bean 'org.springframework.cloud.commons.config.CommonsConfigAutoConfiguration' of type [org.springframework.cloud.commons.config.CommonsConfigAutoConfiguration] is not eligible for getting processed by all BeanPostProcessors (for example: not eligible for auto-proxying)
2025-03-30 00:31:22 [main] INFO  o.s.c.s.PostProcessorRegistrationDelegate$BeanPostProcessorChecker - Bean 'org.springframework.cloud.client.loadbalancer.LoadBalancerDefaultMappingsProviderAutoConfiguration' of type [org.springframework.cloud.client.loadbalancer.LoadBalancerDefaultMappingsProviderAutoConfiguration] is not eligible for getting processed by all BeanPostProcessors (for example: not eligible for auto-proxying)
2025-03-30 00:31:22 [main] INFO  o.s.c.s.PostProcessorRegistrationDelegate$BeanPostProcessorChecker - Bean 'loadBalancerClientsDefaultsMappingsProvider' of type [org.springframework.cloud.client.loadbalancer.LoadBalancerDefaultMappingsProviderAutoConfiguration$$Lambda$463/1982216126] is not eligible for getting processed by all BeanPostProcessors (for example: not eligible for auto-proxying)
2025-03-30 00:31:22 [main] INFO  o.s.c.s.PostProcessorRegistrationDelegate$BeanPostProcessorChecker - Bean 'defaultsBindHandlerAdvisor' of type [org.springframework.cloud.commons.config.DefaultsBindHandlerAdvisor] is not eligible for getting processed by all BeanPostProcessors (for example: not eligible for auto-proxying)
2025-03-30 00:31:22 [main] INFO  o.s.c.s.PostProcessorRegistrationDelegate$BeanPostProcessorChecker - Bean 'spring.cloud.sentinel-com.alibaba.cloud.sentinel.SentinelProperties' of type [com.alibaba.cloud.sentinel.SentinelProperties] is not eligible for getting processed by all BeanPostProcessors (for example: not eligible for auto-proxying)
2025-03-30 00:31:22 [main] INFO  o.s.c.s.PostProcessorRegistrationDelegate$BeanPostProcessorChecker - Bean 'com.alibaba.cloud.sentinel.custom.SentinelAutoConfiguration' of type [com.alibaba.cloud.sentinel.custom.SentinelAutoConfiguration] is not eligible for getting processed by all BeanPostProcessors (for example: not eligible for auto-proxying)
2025-03-30 00:31:23 [main] INFO  o.s.b.w.e.tomcat.TomcatWebServer - Tomcat initialized with port(s): 9490 (http)
2025-03-30 00:31:23 [main] INFO  o.a.catalina.core.StandardService - Starting service [Tomcat]
2025-03-30 00:31:23 [main] INFO  o.a.catalina.core.StandardEngine - Starting Servlet engine: [Apache Tomcat/9.0.58]
2025-03-30 00:31:23 [main] INFO  o.a.c.c.C.[.[localhost].[/api] - Initializing Spring embedded WebApplicationContext
2025-03-30 00:31:23 [main] INFO  o.s.b.w.s.c.ServletWebServerApplicationContext - Root WebApplicationContext: initialization completed in 1467 ms
2025-03-30 00:31:23 [main] INFO  c.a.d.s.b.a.DruidDataSourceAutoConfigure - Init DruidDataSource
2025-03-30 00:31:23 [main] INFO  c.alibaba.druid.pool.DruidDataSource - {dataSource-1} inited
2025-03-30 00:31:23 [main] DEBUG c.a.c.s.JwtAuthenticationFilter - Filter 'jwtAuthenticationFilter' configured for use
2025-03-30 00:31:23 [main] INFO  o.s.s.web.DefaultSecurityFilterChain - Will not secure any request
2025-03-30 00:31:24 [main] INFO  c.a.c.s.SentinelWebMvcConfigurer - [Sentinel Starter] register SentinelWebInterceptor with urlPatterns: [/**].
2025-03-30 00:31:25 [main] WARN  o.s.c.l.c.LoadBalancerCacheAutoConfiguration$LoadBalancerCaffeineWarnLogger - Spring Cloud LoadBalancer is currently working with the default cache. While this cache implementation is useful for development and tests, it's recommended to use Caffeine cache in production.You can switch to using Caffeine cache, by adding it and org.springframework.cache.caffeine.CaffeineCacheManager to the classpath.
2025-03-30 00:31:25 [main] INFO  com.alibaba.nacos.client.naming - initializer namespace from System Property :null
2025-03-30 00:31:25 [main] INFO  com.alibaba.nacos.client.naming - initializer namespace from System Environment :null
2025-03-30 00:31:25 [main] INFO  com.alibaba.nacos.client.naming - initializer namespace from System Property :null
2025-03-30 00:31:25 [main] INFO  o.s.b.w.e.tomcat.TomcatWebServer - Tomcat started on port(s): 9490 (http) with context path '/api'
2025-03-30 00:31:25 [main] INFO  com.alibaba.nacos.client.naming - [BEAT] adding beat: BeatInfo{port=9490, ip='192.168.3.11', weight=1.0, serviceName='DEFAULT_GROUP@@mock-ielts-common', cluster='DEFAULT', metadata={preserved.register.source=SPRING_CLOUD}, scheduled=false, period=5000, stopped=false} to beat map.
2025-03-30 00:31:25 [main] INFO  com.alibaba.nacos.client.naming - [REGISTER-SERVICE] 1695f1a3-225f-4479-9dc1-1f71f7c845a7 registering service DEFAULT_GROUP@@mock-ielts-common with instance: Instance{instanceId='null', ip='192.168.3.11', port=9490, weight=1.0, healthy=true, enabled=true, ephemeral=true, clusterName='DEFAULT', serviceName='null', metadata={preserved.register.source=SPRING_CLOUD}}
2025-03-30 00:31:25 [main] INFO  c.a.c.n.r.NacosServiceRegistry - nacos registry, DEFAULT_GROUP mock-ielts-common 192.168.3.11:9490 register finished
2025-03-30 00:31:25 [main] INFO  com.apps.common.CommonApplication - Started CommonApplication in 5.494 seconds (JVM running for 6.398)
2025-03-30 00:31:25 [main] INFO  c.a.n.c.config.impl.ClientWorker - [fixed-localhost_8848-1695f1a3-225f-4479-9dc1-1f71f7c845a7] [subscribe] mock-ielts-app-dev.yaml+DEFAULT_GROUP+1695f1a3-225f-4479-9dc1-1f71f7c845a7
2025-03-30 00:31:25 [main] INFO  c.a.n.client.config.impl.CacheData - [fixed-localhost_8848-1695f1a3-225f-4479-9dc1-1f71f7c845a7] [add-listener] ok, tenant=1695f1a3-225f-4479-9dc1-1f71f7c845a7, dataId=mock-ielts-app-dev.yaml, group=DEFAULT_GROUP, cnt=1
2025-03-30 00:31:25 [main] INFO  c.a.c.n.r.NacosContextRefresher - listening config: dataId=mock-ielts-app-dev.yaml, group=DEFAULT_GROUP
2025-03-30 00:31:25 [main] INFO  c.a.n.c.config.impl.ClientWorker - [fixed-localhost_8848-1695f1a3-225f-4479-9dc1-1f71f7c845a7] [subscribe] mock-ielts-common-dev.yml+DEFAULT_GROUP+1695f1a3-225f-4479-9dc1-1f71f7c845a7
2025-03-30 00:31:25 [main] INFO  c.a.n.client.config.impl.CacheData - [fixed-localhost_8848-1695f1a3-225f-4479-9dc1-1f71f7c845a7] [add-listener] ok, tenant=1695f1a3-225f-4479-9dc1-1f71f7c845a7, dataId=mock-ielts-common-dev.yml, group=DEFAULT_GROUP, cnt=1
2025-03-30 00:31:25 [main] INFO  c.a.c.n.r.NacosContextRefresher - listening config: dataId=mock-ielts-common-dev.yml, group=DEFAULT_GROUP
2025-03-30 00:31:25 [main] INFO  c.a.n.c.config.impl.ClientWorker - [fixed-localhost_8848-1695f1a3-225f-4479-9dc1-1f71f7c845a7] [subscribe] mock-ielts-common+DEFAULT_GROUP+1695f1a3-225f-4479-9dc1-1f71f7c845a7
2025-03-30 00:31:25 [main] INFO  c.a.n.client.config.impl.CacheData - [fixed-localhost_8848-1695f1a3-225f-4479-9dc1-1f71f7c845a7] [add-listener] ok, tenant=1695f1a3-225f-4479-9dc1-1f71f7c845a7, dataId=mock-ielts-common, group=DEFAULT_GROUP, cnt=1
2025-03-30 00:31:25 [main] INFO  c.a.c.n.r.NacosContextRefresher - listening config: dataId=mock-ielts-common, group=DEFAULT_GROUP
2025-03-30 00:31:25 [main] INFO  c.a.n.c.config.impl.ClientWorker - [fixed-localhost_8848-1695f1a3-225f-4479-9dc1-1f71f7c845a7] [subscribe] mock-ielts-common.yml+DEFAULT_GROUP+1695f1a3-225f-4479-9dc1-1f71f7c845a7
2025-03-30 00:31:25 [main] INFO  c.a.n.client.config.impl.CacheData - [fixed-localhost_8848-1695f1a3-225f-4479-9dc1-1f71f7c845a7] [add-listener] ok, tenant=1695f1a3-225f-4479-9dc1-1f71f7c845a7, dataId=mock-ielts-common.yml, group=DEFAULT_GROUP, cnt=1
2025-03-30 00:31:25 [main] INFO  c.a.c.n.r.NacosContextRefresher - listening config: dataId=mock-ielts-common.yml, group=DEFAULT_GROUP
2025-03-30 00:31:26 [com.alibaba.nacos.client.naming.updater] INFO  com.alibaba.nacos.client.naming - new ips(1) service: DEFAULT_GROUP@@mock-ielts-common@@DEFAULT -> [{"instanceId":"192.168.3.11#9490#DEFAULT#DEFAULT_GROUP@@mock-ielts-common","ip":"192.168.3.11","port":9490,"weight":1.0,"healthy":true,"enabled":true,"ephemeral":true,"clusterName":"DEFAULT","serviceName":"DEFAULT_GROUP@@mock-ielts-common","metadata":{"preserved.register.source":"SPRING_CLOUD"},"ipDeleteTimeout":30000,"instanceHeartBeatInterval":5000,"instanceHeartBeatTimeOut":15000}]
2025-03-30 00:31:26 [com.alibaba.nacos.client.naming.updater] INFO  com.alibaba.nacos.client.naming - current ips:(1) service: DEFAULT_GROUP@@mock-ielts-common@@DEFAULT -> [{"instanceId":"192.168.3.11#9490#DEFAULT#DEFAULT_GROUP@@mock-ielts-common","ip":"192.168.3.11","port":9490,"weight":1.0,"healthy":true,"enabled":true,"ephemeral":true,"clusterName":"DEFAULT","serviceName":"DEFAULT_GROUP@@mock-ielts-common","metadata":{"preserved.register.source":"SPRING_CLOUD"},"ipDeleteTimeout":30000,"instanceHeartBeatInterval":5000,"instanceHeartBeatTimeOut":15000}]
2025-03-30 00:31:26 [com.alibaba.nacos.naming.push.receiver] INFO  com.alibaba.nacos.client.naming - received push data: {"type":"dom","data":"{\"hosts\":[{\"ip\":\"192.168.3.11\",\"port\":9490,\"valid\":true,\"healthy\":true,\"marked\":false,\"instanceId\":\"192.168.3.11#9490#DEFAULT#DEFAULT_GROUP@@mock-ielts-common\",\"metadata\":{\"preserved.register.source\":\"SPRING_CLOUD\"},\"enabled\":true,\"weight\":1.0,\"clusterName\":\"DEFAULT\",\"serviceName\":\"DEFAULT_GROUP@@mock-ielts-common\",\"ephemeral\":true}],\"dom\":\"DEFAULT_GROUP@@mock-ielts-common\",\"name\":\"DEFAULT_GROUP@@mock-ielts-common\",\"cacheMillis\":10000,\"lastRefTime\":1743265886404,\"checksum\":\"252ee5b96e81301fb981503546bf2bd2\",\"useSpecifiedURL\":false,\"clusters\":\"DEFAULT\",\"env\":\"\",\"metadata\":{}}","lastRefTime":1950193716400} from /192.168.3.11
2025-03-30 00:42:54 [Thread-4] WARN  c.a.n.c.http.HttpClientBeanHolder - [HttpClientBeanHolder] Start destroying common HttpClient
2025-03-30 00:42:54 [Thread-23] WARN  c.a.nacos.common.notify.NotifyCenter - [NotifyCenter] Start destroying Publisher
2025-03-30 00:42:54 [Thread-23] WARN  c.a.nacos.common.notify.NotifyCenter - [NotifyCenter] Destruction of the end
2025-03-30 00:42:54 [Thread-4] WARN  c.a.n.c.http.HttpClientBeanHolder - [HttpClientBeanHolder] Destruction of the end
2025-03-30 00:42:54 [SpringApplicationShutdownHook] INFO  c.a.c.n.r.NacosServiceRegistry - De-registering from Nacos Server now...
2025-03-30 00:42:54 [SpringApplicationShutdownHook] INFO  com.alibaba.nacos.client.naming - [BEAT] removing beat: DEFAULT_GROUP@@mock-ielts-common:192.168.3.11:9490 from beat map.
2025-03-30 00:42:54 [SpringApplicationShutdownHook] INFO  com.alibaba.nacos.client.naming - [DEREGISTER-SERVICE] 1695f1a3-225f-4479-9dc1-1f71f7c845a7 deregistering service DEFAULT_GROUP@@mock-ielts-common with instance: Instance{instanceId='null', ip='192.168.3.11', port=9490, weight=1.0, healthy=true, enabled=true, ephemeral=true, clusterName='DEFAULT', serviceName='null', metadata={}}
2025-03-30 00:42:54 [SpringApplicationShutdownHook] INFO  c.a.c.n.r.NacosServiceRegistry - De-registration finished.
2025-03-30 00:42:54 [SpringApplicationShutdownHook] INFO  com.alibaba.nacos.client.naming - com.alibaba.nacos.client.naming.beat.BeatReactor do shutdown begin
2025-03-30 00:42:55 [com.alibaba.nacos.naming.push.receiver] INFO  com.alibaba.nacos.client.naming - received push data: {"type":"dom","data":"{\"dom\":\"DEFAULT_GROUP@@mock-ielts-common\",\"name\":\"DEFAULT_GROUP@@mock-ielts-common\",\"cacheMillis\":10000,\"lastRefTime\":1743266575627,\"checksum\":\"c6216053256605210fe9633354a017ff\",\"useSpecifiedURL\":false,\"clusters\":\"DEFAULT\",\"env\":\"\",\"hosts\":[],\"metadata\":{}}","lastRefTime":2639416637300} from /192.168.3.11
2025-03-30 00:42:55 [com.alibaba.nacos.naming.push.receiver] INFO  com.alibaba.nacos.client.naming - removed ips(1) service: DEFAULT_GROUP@@mock-ielts-common@@DEFAULT -> [{"instanceId":"192.168.3.11#9490#DEFAULT#DEFAULT_GROUP@@mock-ielts-common","ip":"192.168.3.11","port":9490,"weight":1.0,"healthy":true,"enabled":true,"ephemeral":true,"clusterName":"DEFAULT","serviceName":"DEFAULT_GROUP@@mock-ielts-common","metadata":{"preserved.register.source":"SPRING_CLOUD"},"ipDeleteTimeout":30000,"instanceHeartBeatInterval":5000,"instanceHeartBeatTimeOut":15000}]
2025-03-30 00:42:55 [com.alibaba.nacos.naming.push.receiver] INFO  com.alibaba.nacos.client.naming - current ips:(0) service: DEFAULT_GROUP@@mock-ielts-common@@DEFAULT -> []
2025-03-30 00:42:56 [SpringApplicationShutdownHook] INFO  com.alibaba.nacos.client.naming - com.alibaba.nacos.client.naming.beat.BeatReactor do shutdown stop
2025-03-30 00:42:56 [SpringApplicationShutdownHook] INFO  com.alibaba.nacos.client.naming - com.alibaba.nacos.client.naming.core.HostReactor do shutdown begin
2025-03-30 00:42:57 [SpringApplicationShutdownHook] INFO  com.alibaba.nacos.client.naming - com.alibaba.nacos.client.naming.core.PushReceiver do shutdown begin
2025-03-30 00:43:00 [SpringApplicationShutdownHook] INFO  com.alibaba.nacos.client.naming - com.alibaba.nacos.client.naming.core.PushReceiver do shutdown stop
2025-03-30 00:43:00 [SpringApplicationShutdownHook] INFO  com.alibaba.nacos.client.naming - com.alibaba.nacos.client.naming.backups.FailoverReactor do shutdown begin
2025-03-30 00:43:00 [SpringApplicationShutdownHook] INFO  com.alibaba.nacos.client.naming - com.alibaba.nacos.client.naming.backups.FailoverReactor do shutdown stop
2025-03-30 00:43:00 [SpringApplicationShutdownHook] INFO  com.alibaba.nacos.client.naming - com.alibaba.nacos.client.naming.core.HostReactor do shutdown stop
2025-03-30 00:43:00 [SpringApplicationShutdownHook] INFO  com.alibaba.nacos.client.naming - com.alibaba.nacos.client.naming.net.NamingProxy do shutdown begin
2025-03-30 00:43:00 [SpringApplicationShutdownHook] WARN  com.alibaba.nacos.client.naming - [NamingHttpClientManager] Start destroying NacosRestTemplate
2025-03-30 00:43:00 [SpringApplicationShutdownHook] WARN  com.alibaba.nacos.client.naming - [NamingHttpClientManager] Destruction of the end
2025-03-30 00:43:00 [SpringApplicationShutdownHook] INFO  c.a.n.c.identify.CredentialWatcher - [null] CredentialWatcher is stopped
2025-03-30 00:43:00 [SpringApplicationShutdownHook] INFO  c.a.n.c.identify.CredentialService - [null] CredentialService is freed
2025-03-30 00:43:00 [SpringApplicationShutdownHook] INFO  com.alibaba.nacos.client.naming - com.alibaba.nacos.client.naming.net.NamingProxy do shutdown stop
2025-03-30 00:43:00 [SpringApplicationShutdownHook] INFO  c.alibaba.druid.pool.DruidDataSource - {dataSource-1} closing ...
2025-03-30 00:43:00 [SpringApplicationShutdownHook] INFO  c.alibaba.druid.pool.DruidDataSource - {dataSource-1} closed
2025-03-30 00:43:06 [main] WARN  c.a.c.n.c.NacosPropertySourceBuilder - Ignore the empty nacos configuration and get it based on dataId[mock-ielts-common] & group[DEFAULT_GROUP]
2025-03-30 00:43:06 [main] WARN  c.a.c.n.c.NacosPropertySourceBuilder - Ignore the empty nacos configuration and get it based on dataId[mock-ielts-common.yml] & group[DEFAULT_GROUP]
2025-03-30 00:43:06 [main] WARN  c.a.c.n.c.NacosPropertySourceBuilder - Ignore the empty nacos configuration and get it based on dataId[mock-ielts-common-dev.yml] & group[DEFAULT_GROUP]
2025-03-30 00:43:06 [main] INFO  o.s.c.b.c.PropertySourceBootstrapConfiguration - Located property source: [BootstrapPropertySource {name='bootstrapProperties-mock-ielts-common-dev.yml,DEFAULT_GROUP'}, BootstrapPropertySource {name='bootstrapProperties-mock-ielts-common.yml,DEFAULT_GROUP'}, BootstrapPropertySource {name='bootstrapProperties-mock-ielts-common,DEFAULT_GROUP'}, BootstrapPropertySource {name='bootstrapProperties-mock-ielts-app-dev.yaml,DEFAULT_GROUP'}]
2025-03-30 00:43:06 [main] INFO  com.apps.common.CommonApplication - The following 1 profile is active: "dev"
2025-03-30 00:43:07 [main] INFO  o.s.d.r.c.RepositoryConfigurationDelegate - Multiple Spring Data modules found, entering strict repository configuration mode!
2025-03-30 00:43:07 [main] INFO  o.s.d.r.c.RepositoryConfigurationDelegate - Bootstrapping Spring Data Redis repositories in DEFAULT mode.
2025-03-30 00:43:07 [main] INFO  o.s.d.r.c.RepositoryConfigurationDelegate - Finished Spring Data repository scanning in 6 ms. Found 0 Redis repository interfaces.
2025-03-30 00:43:07 [main] INFO  o.s.cloud.context.scope.GenericScope - BeanFactory id=cfed7c14-5cf7-306b-945f-a474b9e2252f
2025-03-30 00:43:07 [main] INFO  o.s.c.s.PostProcessorRegistrationDelegate$BeanPostProcessorChecker - Bean 'org.springframework.cloud.commons.config.CommonsConfigAutoConfiguration' of type [org.springframework.cloud.commons.config.CommonsConfigAutoConfiguration] is not eligible for getting processed by all BeanPostProcessors (for example: not eligible for auto-proxying)
2025-03-30 00:43:07 [main] INFO  o.s.c.s.PostProcessorRegistrationDelegate$BeanPostProcessorChecker - Bean 'org.springframework.cloud.client.loadbalancer.LoadBalancerDefaultMappingsProviderAutoConfiguration' of type [org.springframework.cloud.client.loadbalancer.LoadBalancerDefaultMappingsProviderAutoConfiguration] is not eligible for getting processed by all BeanPostProcessors (for example: not eligible for auto-proxying)
2025-03-30 00:43:07 [main] INFO  o.s.c.s.PostProcessorRegistrationDelegate$BeanPostProcessorChecker - Bean 'loadBalancerClientsDefaultsMappingsProvider' of type [org.springframework.cloud.client.loadbalancer.LoadBalancerDefaultMappingsProviderAutoConfiguration$$Lambda$463/1982216126] is not eligible for getting processed by all BeanPostProcessors (for example: not eligible for auto-proxying)
2025-03-30 00:43:07 [main] INFO  o.s.c.s.PostProcessorRegistrationDelegate$BeanPostProcessorChecker - Bean 'defaultsBindHandlerAdvisor' of type [org.springframework.cloud.commons.config.DefaultsBindHandlerAdvisor] is not eligible for getting processed by all BeanPostProcessors (for example: not eligible for auto-proxying)
2025-03-30 00:43:07 [main] INFO  o.s.c.s.PostProcessorRegistrationDelegate$BeanPostProcessorChecker - Bean 'spring.cloud.sentinel-com.alibaba.cloud.sentinel.SentinelProperties' of type [com.alibaba.cloud.sentinel.SentinelProperties] is not eligible for getting processed by all BeanPostProcessors (for example: not eligible for auto-proxying)
2025-03-30 00:43:07 [main] INFO  o.s.c.s.PostProcessorRegistrationDelegate$BeanPostProcessorChecker - Bean 'com.alibaba.cloud.sentinel.custom.SentinelAutoConfiguration' of type [com.alibaba.cloud.sentinel.custom.SentinelAutoConfiguration] is not eligible for getting processed by all BeanPostProcessors (for example: not eligible for auto-proxying)
2025-03-30 00:43:07 [main] INFO  o.s.b.w.e.tomcat.TomcatWebServer - Tomcat initialized with port(s): 9490 (http)
2025-03-30 00:43:07 [main] INFO  o.a.catalina.core.StandardService - Starting service [Tomcat]
2025-03-30 00:43:07 [main] INFO  o.a.catalina.core.StandardEngine - Starting Servlet engine: [Apache Tomcat/9.0.58]
2025-03-30 00:43:07 [main] INFO  o.a.c.c.C.[.[localhost].[/api] - Initializing Spring embedded WebApplicationContext
2025-03-30 00:43:07 [main] INFO  o.s.b.w.s.c.ServletWebServerApplicationContext - Root WebApplicationContext: initialization completed in 1225 ms
2025-03-30 00:43:08 [main] INFO  c.a.d.s.b.a.DruidDataSourceAutoConfigure - Init DruidDataSource
2025-03-30 00:43:08 [main] INFO  c.alibaba.druid.pool.DruidDataSource - {dataSource-1} inited
2025-03-30 00:43:08 [main] DEBUG c.a.c.s.JwtAuthenticationFilter - Filter 'jwtAuthenticationFilter' configured for use
2025-03-30 00:43:08 [main] INFO  o.s.s.web.DefaultSecurityFilterChain - Will not secure any request
2025-03-30 00:43:08 [main] INFO  c.a.c.s.SentinelWebMvcConfigurer - [Sentinel Starter] register SentinelWebInterceptor with urlPatterns: [/**].
2025-03-30 00:43:09 [main] WARN  o.s.c.l.c.LoadBalancerCacheAutoConfiguration$LoadBalancerCaffeineWarnLogger - Spring Cloud LoadBalancer is currently working with the default cache. While this cache implementation is useful for development and tests, it's recommended to use Caffeine cache in production.You can switch to using Caffeine cache, by adding it and org.springframework.cache.caffeine.CaffeineCacheManager to the classpath.
2025-03-30 00:43:10 [main] INFO  com.alibaba.nacos.client.naming - initializer namespace from System Property :null
2025-03-30 00:43:10 [main] INFO  com.alibaba.nacos.client.naming - initializer namespace from System Environment :null
2025-03-30 00:43:10 [main] INFO  com.alibaba.nacos.client.naming - initializer namespace from System Property :null
2025-03-30 00:43:10 [main] INFO  o.s.b.w.e.tomcat.TomcatWebServer - Tomcat started on port(s): 9490 (http) with context path '/api'
2025-03-30 00:43:10 [main] INFO  com.alibaba.nacos.client.naming - [BEAT] adding beat: BeatInfo{port=9490, ip='192.168.3.11', weight=1.0, serviceName='DEFAULT_GROUP@@mock-ielts-common', cluster='DEFAULT', metadata={preserved.register.source=SPRING_CLOUD}, scheduled=false, period=5000, stopped=false} to beat map.
2025-03-30 00:43:10 [main] INFO  com.alibaba.nacos.client.naming - [REGISTER-SERVICE] 1695f1a3-225f-4479-9dc1-1f71f7c845a7 registering service DEFAULT_GROUP@@mock-ielts-common with instance: Instance{instanceId='null', ip='192.168.3.11', port=9490, weight=1.0, healthy=true, enabled=true, ephemeral=true, clusterName='DEFAULT', serviceName='null', metadata={preserved.register.source=SPRING_CLOUD}}
2025-03-30 00:43:10 [main] INFO  c.a.c.n.r.NacosServiceRegistry - nacos registry, DEFAULT_GROUP mock-ielts-common 192.168.3.11:9490 register finished
2025-03-30 00:43:10 [main] INFO  com.apps.common.CommonApplication - Started CommonApplication in 5.32 seconds (JVM running for 6.313)
2025-03-30 00:43:10 [main] INFO  c.a.n.c.config.impl.ClientWorker - [fixed-localhost_8848-1695f1a3-225f-4479-9dc1-1f71f7c845a7] [subscribe] mock-ielts-app-dev.yaml+DEFAULT_GROUP+1695f1a3-225f-4479-9dc1-1f71f7c845a7
2025-03-30 00:43:10 [main] INFO  c.a.n.client.config.impl.CacheData - [fixed-localhost_8848-1695f1a3-225f-4479-9dc1-1f71f7c845a7] [add-listener] ok, tenant=1695f1a3-225f-4479-9dc1-1f71f7c845a7, dataId=mock-ielts-app-dev.yaml, group=DEFAULT_GROUP, cnt=1
2025-03-30 00:43:10 [main] INFO  c.a.c.n.r.NacosContextRefresher - listening config: dataId=mock-ielts-app-dev.yaml, group=DEFAULT_GROUP
2025-03-30 00:43:10 [main] INFO  c.a.n.c.config.impl.ClientWorker - [fixed-localhost_8848-1695f1a3-225f-4479-9dc1-1f71f7c845a7] [subscribe] mock-ielts-common-dev.yml+DEFAULT_GROUP+1695f1a3-225f-4479-9dc1-1f71f7c845a7
2025-03-30 00:43:10 [main] INFO  c.a.n.client.config.impl.CacheData - [fixed-localhost_8848-1695f1a3-225f-4479-9dc1-1f71f7c845a7] [add-listener] ok, tenant=1695f1a3-225f-4479-9dc1-1f71f7c845a7, dataId=mock-ielts-common-dev.yml, group=DEFAULT_GROUP, cnt=1
2025-03-30 00:43:10 [main] INFO  c.a.c.n.r.NacosContextRefresher - listening config: dataId=mock-ielts-common-dev.yml, group=DEFAULT_GROUP
2025-03-30 00:43:10 [main] INFO  c.a.n.c.config.impl.ClientWorker - [fixed-localhost_8848-1695f1a3-225f-4479-9dc1-1f71f7c845a7] [subscribe] mock-ielts-common+DEFAULT_GROUP+1695f1a3-225f-4479-9dc1-1f71f7c845a7
2025-03-30 00:43:10 [main] INFO  c.a.n.client.config.impl.CacheData - [fixed-localhost_8848-1695f1a3-225f-4479-9dc1-1f71f7c845a7] [add-listener] ok, tenant=1695f1a3-225f-4479-9dc1-1f71f7c845a7, dataId=mock-ielts-common, group=DEFAULT_GROUP, cnt=1
2025-03-30 00:43:10 [main] INFO  c.a.c.n.r.NacosContextRefresher - listening config: dataId=mock-ielts-common, group=DEFAULT_GROUP
2025-03-30 00:43:10 [main] INFO  c.a.n.c.config.impl.ClientWorker - [fixed-localhost_8848-1695f1a3-225f-4479-9dc1-1f71f7c845a7] [subscribe] mock-ielts-common.yml+DEFAULT_GROUP+1695f1a3-225f-4479-9dc1-1f71f7c845a7
2025-03-30 00:43:10 [main] INFO  c.a.n.client.config.impl.CacheData - [fixed-localhost_8848-1695f1a3-225f-4479-9dc1-1f71f7c845a7] [add-listener] ok, tenant=1695f1a3-225f-4479-9dc1-1f71f7c845a7, dataId=mock-ielts-common.yml, group=DEFAULT_GROUP, cnt=1
2025-03-30 00:43:10 [main] INFO  c.a.c.n.r.NacosContextRefresher - listening config: dataId=mock-ielts-common.yml, group=DEFAULT_GROUP
2025-03-30 00:43:11 [com.alibaba.nacos.client.naming.updater] INFO  com.alibaba.nacos.client.naming - new ips(1) service: DEFAULT_GROUP@@mock-ielts-common@@DEFAULT -> [{"instanceId":"192.168.3.11#9490#DEFAULT#DEFAULT_GROUP@@mock-ielts-common","ip":"192.168.3.11","port":9490,"weight":1.0,"healthy":true,"enabled":true,"ephemeral":true,"clusterName":"DEFAULT","serviceName":"DEFAULT_GROUP@@mock-ielts-common","metadata":{"preserved.register.source":"SPRING_CLOUD"},"ipDeleteTimeout":30000,"instanceHeartBeatInterval":5000,"instanceHeartBeatTimeOut":15000}]
2025-03-30 00:43:11 [com.alibaba.nacos.client.naming.updater] INFO  com.alibaba.nacos.client.naming - current ips:(1) service: DEFAULT_GROUP@@mock-ielts-common@@DEFAULT -> [{"instanceId":"192.168.3.11#9490#DEFAULT#DEFAULT_GROUP@@mock-ielts-common","ip":"192.168.3.11","port":9490,"weight":1.0,"healthy":true,"enabled":true,"ephemeral":true,"clusterName":"DEFAULT","serviceName":"DEFAULT_GROUP@@mock-ielts-common","metadata":{"preserved.register.source":"SPRING_CLOUD"},"ipDeleteTimeout":30000,"instanceHeartBeatInterval":5000,"instanceHeartBeatTimeOut":15000}]
2025-03-30 00:43:11 [com.alibaba.nacos.naming.push.receiver] INFO  com.alibaba.nacos.client.naming - received push data: {"type":"dom","data":"{\"hosts\":[{\"ip\":\"192.168.3.11\",\"port\":9490,\"valid\":true,\"healthy\":true,\"marked\":false,\"instanceId\":\"192.168.3.11#9490#DEFAULT#DEFAULT_GROUP@@mock-ielts-common\",\"metadata\":{\"preserved.register.source\":\"SPRING_CLOUD\"},\"enabled\":true,\"weight\":1.0,\"clusterName\":\"DEFAULT\",\"serviceName\":\"DEFAULT_GROUP@@mock-ielts-common\",\"ephemeral\":true}],\"dom\":\"DEFAULT_GROUP@@mock-ielts-common\",\"name\":\"DEFAULT_GROUP@@mock-ielts-common\",\"cacheMillis\":10000,\"lastRefTime\":1743266591290,\"checksum\":\"252ee5b96e81301fb981503546bf2bd2\",\"useSpecifiedURL\":false,\"clusters\":\"DEFAULT\",\"env\":\"\",\"metadata\":{}}","lastRefTime":2655079774500} from /192.168.3.11
2025-03-30 01:01:51 [Thread-4] WARN  c.a.n.c.http.HttpClientBeanHolder - [HttpClientBeanHolder] Start destroying common HttpClient
2025-03-30 01:01:51 [Thread-23] WARN  c.a.nacos.common.notify.NotifyCenter - [NotifyCenter] Start destroying Publisher
2025-03-30 01:01:51 [Thread-23] WARN  c.a.nacos.common.notify.NotifyCenter - [NotifyCenter] Destruction of the end
2025-03-30 01:01:51 [Thread-4] WARN  c.a.n.c.http.HttpClientBeanHolder - [HttpClientBeanHolder] Destruction of the end
2025-03-30 01:01:51 [SpringApplicationShutdownHook] INFO  c.a.c.n.r.NacosServiceRegistry - De-registering from Nacos Server now...
2025-03-30 01:01:51 [SpringApplicationShutdownHook] INFO  com.alibaba.nacos.client.naming - [BEAT] removing beat: DEFAULT_GROUP@@mock-ielts-common:192.168.3.11:9490 from beat map.
2025-03-30 01:01:51 [SpringApplicationShutdownHook] INFO  com.alibaba.nacos.client.naming - [DEREGISTER-SERVICE] 1695f1a3-225f-4479-9dc1-1f71f7c845a7 deregistering service DEFAULT_GROUP@@mock-ielts-common with instance: Instance{instanceId='null', ip='192.168.3.11', port=9490, weight=1.0, healthy=true, enabled=true, ephemeral=true, clusterName='DEFAULT', serviceName='null', metadata={}}
2025-03-30 01:01:51 [SpringApplicationShutdownHook] INFO  c.a.c.n.r.NacosServiceRegistry - De-registration finished.
2025-03-30 01:01:51 [SpringApplicationShutdownHook] INFO  com.alibaba.nacos.client.naming - com.alibaba.nacos.client.naming.beat.BeatReactor do shutdown begin
2025-03-30 01:01:52 [com.alibaba.nacos.client.naming.updater] INFO  com.alibaba.nacos.client.naming - removed ips(1) service: DEFAULT_GROUP@@mock-ielts-common@@DEFAULT -> [{"instanceId":"192.168.3.11#9490#DEFAULT#DEFAULT_GROUP@@mock-ielts-common","ip":"192.168.3.11","port":9490,"weight":1.0,"healthy":true,"enabled":true,"ephemeral":true,"clusterName":"DEFAULT","serviceName":"DEFAULT_GROUP@@mock-ielts-common","metadata":{"preserved.register.source":"SPRING_CLOUD"},"ipDeleteTimeout":30000,"instanceHeartBeatInterval":5000,"instanceHeartBeatTimeOut":15000}]
2025-03-30 01:01:52 [com.alibaba.nacos.client.naming.updater] INFO  com.alibaba.nacos.client.naming - current ips:(0) service: DEFAULT_GROUP@@mock-ielts-common@@DEFAULT -> []
2025-03-30 01:01:52 [SpringApplicationShutdownHook] INFO  com.alibaba.nacos.client.naming - com.alibaba.nacos.client.naming.beat.BeatReactor do shutdown stop
2025-03-30 01:01:52 [SpringApplicationShutdownHook] INFO  com.alibaba.nacos.client.naming - com.alibaba.nacos.client.naming.core.HostReactor do shutdown begin
2025-03-30 01:01:52 [com.alibaba.nacos.naming.push.receiver] INFO  com.alibaba.nacos.client.naming - received push data: {"type":"dom","data":"{\"dom\":\"DEFAULT_GROUP@@mock-ielts-common\",\"name\":\"DEFAULT_GROUP@@mock-ielts-common\",\"cacheMillis\":10000,\"lastRefTime\":1743267712912,\"checksum\":\"c6216053256605210fe9633354a017ff\",\"useSpecifiedURL\":false,\"clusters\":\"DEFAULT\",\"env\":\"\",\"hosts\":[],\"metadata\":{}}","lastRefTime":3776701703300} from /192.168.3.11
2025-03-30 01:01:54 [SpringApplicationShutdownHook] INFO  com.alibaba.nacos.client.naming - com.alibaba.nacos.client.naming.core.PushReceiver do shutdown begin
2025-03-30 01:01:57 [SpringApplicationShutdownHook] INFO  com.alibaba.nacos.client.naming - com.alibaba.nacos.client.naming.core.PushReceiver do shutdown stop
2025-03-30 01:01:57 [SpringApplicationShutdownHook] INFO  com.alibaba.nacos.client.naming - com.alibaba.nacos.client.naming.backups.FailoverReactor do shutdown begin
2025-03-30 01:01:57 [SpringApplicationShutdownHook] INFO  com.alibaba.nacos.client.naming - com.alibaba.nacos.client.naming.backups.FailoverReactor do shutdown stop
2025-03-30 01:01:57 [SpringApplicationShutdownHook] INFO  com.alibaba.nacos.client.naming - com.alibaba.nacos.client.naming.core.HostReactor do shutdown stop
2025-03-30 01:01:57 [SpringApplicationShutdownHook] INFO  com.alibaba.nacos.client.naming - com.alibaba.nacos.client.naming.net.NamingProxy do shutdown begin
2025-03-30 01:01:57 [SpringApplicationShutdownHook] WARN  com.alibaba.nacos.client.naming - [NamingHttpClientManager] Start destroying NacosRestTemplate
2025-03-30 01:01:57 [SpringApplicationShutdownHook] WARN  com.alibaba.nacos.client.naming - [NamingHttpClientManager] Destruction of the end
2025-03-30 01:01:57 [SpringApplicationShutdownHook] INFO  c.a.n.c.identify.CredentialWatcher - [null] CredentialWatcher is stopped
2025-03-30 01:01:57 [SpringApplicationShutdownHook] INFO  c.a.n.c.identify.CredentialService - [null] CredentialService is freed
2025-03-30 01:01:57 [SpringApplicationShutdownHook] INFO  com.alibaba.nacos.client.naming - com.alibaba.nacos.client.naming.net.NamingProxy do shutdown stop
2025-03-30 01:01:57 [SpringApplicationShutdownHook] INFO  c.alibaba.druid.pool.DruidDataSource - {dataSource-1} closing ...
2025-03-30 01:01:57 [SpringApplicationShutdownHook] INFO  c.alibaba.druid.pool.DruidDataSource - {dataSource-1} closed
2025-03-30 01:02:04 [main] WARN  c.a.c.n.c.NacosPropertySourceBuilder - Ignore the empty nacos configuration and get it based on dataId[mock-ielts-common] & group[DEFAULT_GROUP]
2025-03-30 01:02:04 [main] WARN  c.a.c.n.c.NacosPropertySourceBuilder - Ignore the empty nacos configuration and get it based on dataId[mock-ielts-common.yml] & group[DEFAULT_GROUP]
2025-03-30 01:02:05 [main] WARN  c.a.c.n.c.NacosPropertySourceBuilder - Ignore the empty nacos configuration and get it based on dataId[mock-ielts-common-dev.yml] & group[DEFAULT_GROUP]
2025-03-30 01:02:05 [main] INFO  o.s.c.b.c.PropertySourceBootstrapConfiguration - Located property source: [BootstrapPropertySource {name='bootstrapProperties-mock-ielts-common-dev.yml,DEFAULT_GROUP'}, BootstrapPropertySource {name='bootstrapProperties-mock-ielts-common.yml,DEFAULT_GROUP'}, BootstrapPropertySource {name='bootstrapProperties-mock-ielts-common,DEFAULT_GROUP'}, BootstrapPropertySource {name='bootstrapProperties-mock-ielts-app-dev.yaml,DEFAULT_GROUP'}]
2025-03-30 01:02:05 [main] INFO  com.apps.common.CommonApplication - The following 1 profile is active: "dev"
2025-03-30 01:02:05 [main] INFO  o.s.d.r.c.RepositoryConfigurationDelegate - Multiple Spring Data modules found, entering strict repository configuration mode!
2025-03-30 01:02:05 [main] INFO  o.s.d.r.c.RepositoryConfigurationDelegate - Bootstrapping Spring Data Redis repositories in DEFAULT mode.
2025-03-30 01:02:05 [main] INFO  o.s.d.r.c.RepositoryConfigurationDelegate - Finished Spring Data repository scanning in 7 ms. Found 0 Redis repository interfaces.
2025-03-30 01:02:05 [main] INFO  o.s.cloud.context.scope.GenericScope - BeanFactory id=cfed7c14-5cf7-306b-945f-a474b9e2252f
2025-03-30 01:02:06 [main] INFO  o.s.c.s.PostProcessorRegistrationDelegate$BeanPostProcessorChecker - Bean 'org.springframework.cloud.commons.config.CommonsConfigAutoConfiguration' of type [org.springframework.cloud.commons.config.CommonsConfigAutoConfiguration] is not eligible for getting processed by all BeanPostProcessors (for example: not eligible for auto-proxying)
2025-03-30 01:02:06 [main] INFO  o.s.c.s.PostProcessorRegistrationDelegate$BeanPostProcessorChecker - Bean 'org.springframework.cloud.client.loadbalancer.LoadBalancerDefaultMappingsProviderAutoConfiguration' of type [org.springframework.cloud.client.loadbalancer.LoadBalancerDefaultMappingsProviderAutoConfiguration] is not eligible for getting processed by all BeanPostProcessors (for example: not eligible for auto-proxying)
2025-03-30 01:02:06 [main] INFO  o.s.c.s.PostProcessorRegistrationDelegate$BeanPostProcessorChecker - Bean 'loadBalancerClientsDefaultsMappingsProvider' of type [org.springframework.cloud.client.loadbalancer.LoadBalancerDefaultMappingsProviderAutoConfiguration$$Lambda$463/5563134] is not eligible for getting processed by all BeanPostProcessors (for example: not eligible for auto-proxying)
2025-03-30 01:02:06 [main] INFO  o.s.c.s.PostProcessorRegistrationDelegate$BeanPostProcessorChecker - Bean 'defaultsBindHandlerAdvisor' of type [org.springframework.cloud.commons.config.DefaultsBindHandlerAdvisor] is not eligible for getting processed by all BeanPostProcessors (for example: not eligible for auto-proxying)
2025-03-30 01:02:06 [main] INFO  o.s.c.s.PostProcessorRegistrationDelegate$BeanPostProcessorChecker - Bean 'spring.cloud.sentinel-com.alibaba.cloud.sentinel.SentinelProperties' of type [com.alibaba.cloud.sentinel.SentinelProperties] is not eligible for getting processed by all BeanPostProcessors (for example: not eligible for auto-proxying)
2025-03-30 01:02:06 [main] INFO  o.s.c.s.PostProcessorRegistrationDelegate$BeanPostProcessorChecker - Bean 'com.alibaba.cloud.sentinel.custom.SentinelAutoConfiguration' of type [com.alibaba.cloud.sentinel.custom.SentinelAutoConfiguration] is not eligible for getting processed by all BeanPostProcessors (for example: not eligible for auto-proxying)
2025-03-30 01:02:06 [main] INFO  o.s.b.w.e.tomcat.TomcatWebServer - Tomcat initialized with port(s): 9490 (http)
2025-03-30 01:02:06 [main] INFO  o.a.catalina.core.StandardService - Starting service [Tomcat]
2025-03-30 01:02:06 [main] INFO  o.a.catalina.core.StandardEngine - Starting Servlet engine: [Apache Tomcat/9.0.58]
2025-03-30 01:02:06 [main] INFO  o.a.c.c.C.[.[localhost].[/api] - Initializing Spring embedded WebApplicationContext
2025-03-30 01:02:06 [main] INFO  o.s.b.w.s.c.ServletWebServerApplicationContext - Root WebApplicationContext: initialization completed in 1677 ms
2025-03-30 01:02:06 [main] INFO  c.a.d.s.b.a.DruidDataSourceAutoConfigure - Init DruidDataSource
2025-03-30 01:02:07 [main] INFO  c.alibaba.druid.pool.DruidDataSource - {dataSource-1} inited
2025-03-30 01:02:07 [main] DEBUG c.a.c.s.JwtAuthenticationFilter - Filter 'jwtAuthenticationFilter' configured for use
2025-03-30 01:02:07 [main] INFO  o.s.s.web.DefaultSecurityFilterChain - Will not secure any request
2025-03-30 01:02:07 [main] INFO  c.a.c.s.SentinelWebMvcConfigurer - [Sentinel Starter] register SentinelWebInterceptor with urlPatterns: [/**].
2025-03-30 01:02:08 [main] WARN  o.s.c.l.c.LoadBalancerCacheAutoConfiguration$LoadBalancerCaffeineWarnLogger - Spring Cloud LoadBalancer is currently working with the default cache. While this cache implementation is useful for development and tests, it's recommended to use Caffeine cache in production.You can switch to using Caffeine cache, by adding it and org.springframework.cache.caffeine.CaffeineCacheManager to the classpath.
2025-03-30 01:02:08 [main] INFO  com.alibaba.nacos.client.naming - initializer namespace from System Property :null
2025-03-30 01:02:08 [main] INFO  com.alibaba.nacos.client.naming - initializer namespace from System Environment :null
2025-03-30 01:02:08 [main] INFO  com.alibaba.nacos.client.naming - initializer namespace from System Property :null
2025-03-30 01:02:09 [main] INFO  o.s.b.w.e.tomcat.TomcatWebServer - Tomcat started on port(s): 9490 (http) with context path '/api'
2025-03-30 01:02:09 [main] INFO  com.alibaba.nacos.client.naming - [BEAT] adding beat: BeatInfo{port=9490, ip='192.168.3.11', weight=1.0, serviceName='DEFAULT_GROUP@@mock-ielts-common', cluster='DEFAULT', metadata={preserved.register.source=SPRING_CLOUD}, scheduled=false, period=5000, stopped=false} to beat map.
2025-03-30 01:02:09 [main] INFO  com.alibaba.nacos.client.naming - [REGISTER-SERVICE] 1695f1a3-225f-4479-9dc1-1f71f7c845a7 registering service DEFAULT_GROUP@@mock-ielts-common with instance: Instance{instanceId='null', ip='192.168.3.11', port=9490, weight=1.0, healthy=true, enabled=true, ephemeral=true, clusterName='DEFAULT', serviceName='null', metadata={preserved.register.source=SPRING_CLOUD}}
2025-03-30 01:02:09 [main] INFO  c.a.c.n.r.NacosServiceRegistry - nacos registry, DEFAULT_GROUP mock-ielts-common 192.168.3.11:9490 register finished
2025-03-30 01:02:09 [main] INFO  com.apps.common.CommonApplication - Started CommonApplication in 6.547 seconds (JVM running for 7.744)
2025-03-30 01:02:09 [main] INFO  c.a.n.c.config.impl.ClientWorker - [fixed-localhost_8848-1695f1a3-225f-4479-9dc1-1f71f7c845a7] [subscribe] mock-ielts-app-dev.yaml+DEFAULT_GROUP+1695f1a3-225f-4479-9dc1-1f71f7c845a7
2025-03-30 01:02:09 [main] INFO  c.a.n.client.config.impl.CacheData - [fixed-localhost_8848-1695f1a3-225f-4479-9dc1-1f71f7c845a7] [add-listener] ok, tenant=1695f1a3-225f-4479-9dc1-1f71f7c845a7, dataId=mock-ielts-app-dev.yaml, group=DEFAULT_GROUP, cnt=1
2025-03-30 01:02:09 [main] INFO  c.a.c.n.r.NacosContextRefresher - listening config: dataId=mock-ielts-app-dev.yaml, group=DEFAULT_GROUP
2025-03-30 01:02:09 [main] INFO  c.a.n.c.config.impl.ClientWorker - [fixed-localhost_8848-1695f1a3-225f-4479-9dc1-1f71f7c845a7] [subscribe] mock-ielts-common-dev.yml+DEFAULT_GROUP+1695f1a3-225f-4479-9dc1-1f71f7c845a7
2025-03-30 01:02:09 [main] INFO  c.a.n.client.config.impl.CacheData - [fixed-localhost_8848-1695f1a3-225f-4479-9dc1-1f71f7c845a7] [add-listener] ok, tenant=1695f1a3-225f-4479-9dc1-1f71f7c845a7, dataId=mock-ielts-common-dev.yml, group=DEFAULT_GROUP, cnt=1
2025-03-30 01:02:09 [main] INFO  c.a.c.n.r.NacosContextRefresher - listening config: dataId=mock-ielts-common-dev.yml, group=DEFAULT_GROUP
2025-03-30 01:02:09 [main] INFO  c.a.n.c.config.impl.ClientWorker - [fixed-localhost_8848-1695f1a3-225f-4479-9dc1-1f71f7c845a7] [subscribe] mock-ielts-common+DEFAULT_GROUP+1695f1a3-225f-4479-9dc1-1f71f7c845a7
2025-03-30 01:02:09 [main] INFO  c.a.n.client.config.impl.CacheData - [fixed-localhost_8848-1695f1a3-225f-4479-9dc1-1f71f7c845a7] [add-listener] ok, tenant=1695f1a3-225f-4479-9dc1-1f71f7c845a7, dataId=mock-ielts-common, group=DEFAULT_GROUP, cnt=1
2025-03-30 01:02:09 [main] INFO  c.a.c.n.r.NacosContextRefresher - listening config: dataId=mock-ielts-common, group=DEFAULT_GROUP
2025-03-30 01:02:09 [main] INFO  c.a.n.c.config.impl.ClientWorker - [fixed-localhost_8848-1695f1a3-225f-4479-9dc1-1f71f7c845a7] [subscribe] mock-ielts-common.yml+DEFAULT_GROUP+1695f1a3-225f-4479-9dc1-1f71f7c845a7
2025-03-30 01:02:09 [main] INFO  c.a.n.client.config.impl.CacheData - [fixed-localhost_8848-1695f1a3-225f-4479-9dc1-1f71f7c845a7] [add-listener] ok, tenant=1695f1a3-225f-4479-9dc1-1f71f7c845a7, dataId=mock-ielts-common.yml, group=DEFAULT_GROUP, cnt=1
2025-03-30 01:02:09 [main] INFO  c.a.c.n.r.NacosContextRefresher - listening config: dataId=mock-ielts-common.yml, group=DEFAULT_GROUP
2025-03-30 01:02:10 [com.alibaba.nacos.client.naming.updater] INFO  com.alibaba.nacos.client.naming - new ips(1) service: DEFAULT_GROUP@@mock-ielts-common@@DEFAULT -> [{"instanceId":"192.168.3.11#9490#DEFAULT#DEFAULT_GROUP@@mock-ielts-common","ip":"192.168.3.11","port":9490,"weight":1.0,"healthy":true,"enabled":true,"ephemeral":true,"clusterName":"DEFAULT","serviceName":"DEFAULT_GROUP@@mock-ielts-common","metadata":{"preserved.register.source":"SPRING_CLOUD"},"instanceHeartBeatInterval":5000,"instanceHeartBeatTimeOut":15000,"ipDeleteTimeout":30000}]
2025-03-30 01:02:10 [com.alibaba.nacos.client.naming.updater] INFO  com.alibaba.nacos.client.naming - current ips:(1) service: DEFAULT_GROUP@@mock-ielts-common@@DEFAULT -> [{"instanceId":"192.168.3.11#9490#DEFAULT#DEFAULT_GROUP@@mock-ielts-common","ip":"192.168.3.11","port":9490,"weight":1.0,"healthy":true,"enabled":true,"ephemeral":true,"clusterName":"DEFAULT","serviceName":"DEFAULT_GROUP@@mock-ielts-common","metadata":{"preserved.register.source":"SPRING_CLOUD"},"instanceHeartBeatInterval":5000,"instanceHeartBeatTimeOut":15000,"ipDeleteTimeout":30000}]
2025-03-30 01:02:10 [com.alibaba.nacos.naming.push.receiver] INFO  com.alibaba.nacos.client.naming - received push data: {"type":"dom","data":"{\"hosts\":[{\"ip\":\"192.168.3.11\",\"port\":9490,\"valid\":true,\"healthy\":true,\"marked\":false,\"instanceId\":\"192.168.3.11#9490#DEFAULT#DEFAULT_GROUP@@mock-ielts-common\",\"metadata\":{\"preserved.register.source\":\"SPRING_CLOUD\"},\"enabled\":true,\"weight\":1.0,\"clusterName\":\"DEFAULT\",\"serviceName\":\"DEFAULT_GROUP@@mock-ielts-common\",\"ephemeral\":true}],\"dom\":\"DEFAULT_GROUP@@mock-ielts-common\",\"name\":\"DEFAULT_GROUP@@mock-ielts-common\",\"cacheMillis\":10000,\"lastRefTime\":1743267730180,\"checksum\":\"252ee5b96e81301fb981503546bf2bd2\",\"useSpecifiedURL\":false,\"clusters\":\"DEFAULT\",\"env\":\"\",\"metadata\":{}}","lastRefTime":3793969148700} from /192.168.3.11
2025-03-30 01:14:15 [Thread-5] WARN  c.a.n.c.http.HttpClientBeanHolder - [HttpClientBeanHolder] Start destroying common HttpClient
2025-03-30 01:14:15 [Thread-25] WARN  c.a.nacos.common.notify.NotifyCenter - [NotifyCenter] Start destroying Publisher
2025-03-30 01:14:15 [Thread-25] WARN  c.a.nacos.common.notify.NotifyCenter - [NotifyCenter] Destruction of the end
2025-03-30 01:14:15 [Thread-5] WARN  c.a.n.c.http.HttpClientBeanHolder - [HttpClientBeanHolder] Destruction of the end
2025-03-30 01:14:15 [SpringApplicationShutdownHook] INFO  c.a.c.n.r.NacosServiceRegistry - De-registering from Nacos Server now...
2025-03-30 01:14:15 [SpringApplicationShutdownHook] INFO  com.alibaba.nacos.client.naming - [BEAT] removing beat: DEFAULT_GROUP@@mock-ielts-common:192.168.3.11:9490 from beat map.
2025-03-30 01:14:15 [SpringApplicationShutdownHook] INFO  com.alibaba.nacos.client.naming - [DEREGISTER-SERVICE] 1695f1a3-225f-4479-9dc1-1f71f7c845a7 deregistering service DEFAULT_GROUP@@mock-ielts-common with instance: Instance{instanceId='null', ip='192.168.3.11', port=9490, weight=1.0, healthy=true, enabled=true, ephemeral=true, clusterName='DEFAULT', serviceName='null', metadata={}}
2025-03-30 01:14:15 [SpringApplicationShutdownHook] INFO  c.a.c.n.r.NacosServiceRegistry - De-registration finished.
2025-03-30 01:14:15 [SpringApplicationShutdownHook] INFO  com.alibaba.nacos.client.naming - com.alibaba.nacos.client.naming.beat.BeatReactor do shutdown begin
2025-03-30 01:14:15 [SpringApplicationShutdownHook] INFO  com.alibaba.nacos.client.naming - com.alibaba.nacos.client.naming.beat.BeatReactor do shutdown stop
2025-03-30 01:14:15 [SpringApplicationShutdownHook] INFO  com.alibaba.nacos.client.naming - com.alibaba.nacos.client.naming.core.HostReactor do shutdown begin
2025-03-30 01:14:16 [com.alibaba.nacos.naming.push.receiver] INFO  com.alibaba.nacos.client.naming - received push data: {"type":"dom","data":"{\"dom\":\"DEFAULT_GROUP@@mock-ielts-common\",\"name\":\"DEFAULT_GROUP@@mock-ielts-common\",\"cacheMillis\":10000,\"lastRefTime\":1743268456542,\"checksum\":\"c6216053256605210fe9633354a017ff\",\"useSpecifiedURL\":false,\"clusters\":\"DEFAULT\",\"env\":\"\",\"hosts\":[],\"metadata\":{}}","lastRefTime":4520331118100} from /192.168.3.11
2025-03-30 01:14:16 [com.alibaba.nacos.naming.push.receiver] INFO  com.alibaba.nacos.client.naming - removed ips(1) service: DEFAULT_GROUP@@mock-ielts-common@@DEFAULT -> [{"instanceId":"192.168.3.11#9490#DEFAULT#DEFAULT_GROUP@@mock-ielts-common","ip":"192.168.3.11","port":9490,"weight":1.0,"healthy":true,"enabled":true,"ephemeral":true,"clusterName":"DEFAULT","serviceName":"DEFAULT_GROUP@@mock-ielts-common","metadata":{"preserved.register.source":"SPRING_CLOUD"},"instanceHeartBeatInterval":5000,"instanceHeartBeatTimeOut":15000,"ipDeleteTimeout":30000}]
2025-03-30 01:14:16 [com.alibaba.nacos.naming.push.receiver] INFO  com.alibaba.nacos.client.naming - current ips:(0) service: DEFAULT_GROUP@@mock-ielts-common@@DEFAULT -> []
2025-03-30 01:14:18 [SpringApplicationShutdownHook] INFO  com.alibaba.nacos.client.naming - com.alibaba.nacos.client.naming.core.PushReceiver do shutdown begin
2025-03-30 01:14:21 [SpringApplicationShutdownHook] INFO  com.alibaba.nacos.client.naming - com.alibaba.nacos.client.naming.core.PushReceiver do shutdown stop
2025-03-30 01:14:21 [SpringApplicationShutdownHook] INFO  com.alibaba.nacos.client.naming - com.alibaba.nacos.client.naming.backups.FailoverReactor do shutdown begin
2025-03-30 01:14:21 [SpringApplicationShutdownHook] INFO  com.alibaba.nacos.client.naming - com.alibaba.nacos.client.naming.backups.FailoverReactor do shutdown stop
2025-03-30 01:14:21 [SpringApplicationShutdownHook] INFO  com.alibaba.nacos.client.naming - com.alibaba.nacos.client.naming.core.HostReactor do shutdown stop
2025-03-30 01:14:21 [SpringApplicationShutdownHook] INFO  com.alibaba.nacos.client.naming - com.alibaba.nacos.client.naming.net.NamingProxy do shutdown begin
2025-03-30 01:14:21 [SpringApplicationShutdownHook] WARN  com.alibaba.nacos.client.naming - [NamingHttpClientManager] Start destroying NacosRestTemplate
2025-03-30 01:14:21 [SpringApplicationShutdownHook] WARN  com.alibaba.nacos.client.naming - [NamingHttpClientManager] Destruction of the end
2025-03-30 01:14:21 [SpringApplicationShutdownHook] INFO  c.a.n.c.identify.CredentialWatcher - [null] CredentialWatcher is stopped
2025-03-30 01:14:21 [SpringApplicationShutdownHook] INFO  c.a.n.c.identify.CredentialService - [null] CredentialService is freed
2025-03-30 01:14:21 [SpringApplicationShutdownHook] INFO  com.alibaba.nacos.client.naming - com.alibaba.nacos.client.naming.net.NamingProxy do shutdown stop
2025-03-30 01:14:21 [SpringApplicationShutdownHook] INFO  c.alibaba.druid.pool.DruidDataSource - {dataSource-1} closing ...
2025-03-30 01:14:21 [SpringApplicationShutdownHook] INFO  c.alibaba.druid.pool.DruidDataSource - {dataSource-1} closed
